// Jest Snapshot v1, https://goo.gl/fbAQLP

exports[`shows how to reset lockfile 1`] = `
"**How to reset your lockfile:**

1. Remove your lockfile â€” it is either \`package-lock.json\` or when using yarn \`yarn.lock\`
2. Delete the node_modules directory
3. Install the dependencies again with either \`npm install\` or \`yarn\`
"
`;
